// Jest Snapshot v1, https://goo.gl/fbAQLP

exports[`match snapshot 1`] = `
<div
  className=""
>
  <div
    className=""
  >
    <table
      className="table table-sm table-hover"
    >
      <thead>
        <tr>
          <th
            className="align-middle"
            width={50}
          >
            ID
          </th>
          <th
            className="align-middle text-right"
            width={null}
          >
            Actions
          </th>
        </tr>
      </thead>
      <tbody>
        <tr>
          <td
            className="undefined"
            colSpan={2}
          >
            <div
              className="well well-sm text-center"
            >
              No items
            </div>
          </td>
        </tr>
      </tbody>
    </table>
  </div>
</div>
`;
